Cannot build arango query, because there was no main query set.